../Core/Src/main.c:108:6:HAL_UART_RxCpltCallback	24	static
../Core/Src/main.c:133:6:ERROR_FUNCTION	16	static,ignoring_inline_asm
../Core/Src/main.c:162:5:main	112	static
../Core/Src/main.c:254:6:SystemClock_Config	72	static
../Core/Src/main.c:291:13:MX_TIM1_Init	80	static
../Core/Src/main.c:364:13:MX_USART3_UART_Init	8	static
../Core/Src/main.c:395:13:MX_DMA_Init	16	static
../Core/Src/main.c:413:13:MX_GPIO_Init	40	static
../Core/Src/main.c:457:6:invCommand	16	static
../Core/Src/main.c:464:6:startSPWM	40	static
../Core/Src/main.c:506:6:stopSPWM	8	static
../Core/Src/main.c:524:6:StartDefaultTask	16	static
../Core/Src/main.c:554:6:StartTask02	16	static
../Core/Src/main.c:575:6:StartTask03	16	static
../Core/Src/main.c:594:6:Error_Handler	4	static,ignoring_inline_asm
