../Core/Src/main.c:70:5:_write	24	static
../Core/Src/main.c:75:5:_read	32	static
../Core/Src/main.c:87:5:_close	16	static
../Core/Src/main.c:88:5:_fstat	16	static
../Core/Src/main.c:89:5:_isatty	16	static
../Core/Src/main.c:90:5:_lseek	24	static
../Core/Src/main.c:91:5:_getpid	4	static
../Core/Src/main.c:92:5:_kill	16	static
../Core/Src/main.c:107:5:main	80	static
../Core/Src/main.c:186:6:SystemClock_Config	88	static
../Core/Src/main.c:233:13:MX_USART3_UART_Init	8	static
../Core/Src/main.c:266:13:MX_USB_OTG_FS_PCD_Init	8	static
../Core/Src/main.c:301:13:MX_GPIO_Init	56	static
../Core/Src/main.c:361:6:Error_Handler	4	static,ignoring_inline_asm
