../Core/Src/main.c:70:6:ADC_Select_CH1	24	static
../Core/Src/main.c:84:6:ADC_Select_CH2	24	static
../Core/Src/main.c:97:6:ADC_Select_CH3	24	static
../Core/Src/main.c:110:6:ADC_Select_CH4	24	static
../Core/Src/main.c:122:6:getTemperature	40	static
../Core/Src/main.c:139:5:main	16	static
../Core/Src/main.c:278:6:SystemClock_Config	88	static
../Core/Src/main.c:325:13:MX_ADC1_Init	24	static
../Core/Src/main.c:398:13:MX_USART1_UART_Init	8	static
../Core/Src/main.c:431:13:MX_GPIO_Init	16	static
../Core/Src/main.c:452:6:Error_Handler	4	static,ignoring_inline_asm
